[realdealpainting.net/index.html]
[backblue.gif]
[fade.gif]
[index.html]
[realdealpainting.net/assets/images/social.jpg]
[realdealpainting.net/assets/favicons/apple-touch-icon.png]
[realdealpainting.net/assets/favicons/favicon-32x326654.png]
[realdealpainting.net/assets/favicons/favicon-16x16.png]
[realdealpainting.net/assets/favicons/site.webmanifest]
[realdealpainting.net/assets/images/logo.svg]
[realdealpainting.net/assets/fonts/bebas-neue-v10-latin-regular.woff2]
[realdealpainting.net/assets/fonts/montserrat-v25-latin-regular.woff2]
[realdealpainting.net/css/root.css]
[realdealpainting.net/about.html]
[realdealpainting.net/interior-house-painting.html]
[realdealpainting.net/exterior-house-painters.html]
[realdealpainting.net/kitchen-remodels.html]
[realdealpainting.net/bathroom-remodels.html]
[realdealpainting.net/reviews.html]
[realdealpainting.net/portfolio.html]
[realdealpainting.net/index-2.html]
[realdealpainting.net/painters-in-highland-in.html]
[realdealpainting.net/painters-in-munster-in.html]
[realdealpainting.net/painters-in-griffith-in.html]
[realdealpainting.net/painters-in-hammond-in.html]
[realdealpainting.net/contact.html]
[realdealpainting.net/assets/images/landing-m.webp]
[realdealpainting.net/css/critical.css]
[realdealpainting.net/css/local.css]
[d33wubrfki0l68.cloudfront.net/4f68c4f1124789d1736de57686a893b40ab84a72/b5fd0/assets/images/landing.jpg]
[d33wubrfki0l68.cloudfront.net/549546d7cdc3277637843e8b747875e59378088b/1cacc/assets/images/exterior.jpg]
[d33wubrfki0l68.cloudfront.net/aea152fe5f3d993c7a59eb38f7d274ddebd70276/43b25/assets/images/interior.jpg]
[d33wubrfki0l68.cloudfront.net/35e01c4d5ee19507afe0a839aa3f9d8f4ff0ef36/265f0/assets/images/fence.jpg]
[d33wubrfki0l68.cloudfront.net/40bd9c087449a69f7fef7ff4575a13c7ad898af6/926b5/assets/images/floor.jpg]
[d33wubrfki0l68.cloudfront.net/3d8a359bda300bd2458ae878f1551e60bb7b45ac/8bd6f/assets/images/exterior1.jpg]
[d33wubrfki0l68.cloudfront.net/assets/images/790f112bde406d8bafbb8b8198008f92ef5890be/why.jpg]
[d33wubrfki0l68.cloudfront.net/88fa8f6c0f54c28e28594a03daacc1d4c12fdc33/a6c0d/assets/images/bathroom-home.jpg]
[d33wubrfki0l68.cloudfront.net/56da370c7cbd45fb47cbff031552bce74e5f5e80/82bbd/assets/images/kitchen-home.jpg]
[realdealpainting.net/index.html]
[realdealpainting.net/assets/images/logo.svg]
[d33wubrfki0l68.cloudfront.net/bundles/2e3e4aeb7bd3fa1f2c00bf51fc6493d95e4decbf.js]
[realdealpainting.net/assets/fonts/montserrat-v25-latin-italic.woff2]
[realdealpainting.net/assets/fonts/montserrat-v25-latin-700.woff2]
[realdealpainting.net/css/root.css]
[realdealpainting.net/css/dark.css]
[realdealpainting.net/assets/images/int-m.webp]
[realdealpainting.net/css/about.css]
[d33wubrfki0l68.cloudfront.net/0172e8c5380a29701085b8b7b90d65b4cdad7047/6a10e/assets/images/int.jpg]
[d33wubrfki0l68.cloudfront.net/5fe71bbc5511204d6e17ba7a913e79e23ef14341/4309f/assets/images/about.jpg]
[d33wubrfki0l68.cloudfront.net/a9e2fee6b7dc51fbd9f8cc45b0d7e2216c4155d0/50712/assets/images/services.jpg]
[d33wubrfki0l68.cloudfront.net/6295e07067069df1d79df0e504ed58fc24eab965/99fa7/assets/images/cta.jpg]
[realdealpainting.net/about.html]
[realdealpainting.net/css/interior.css]
[d33wubrfki0l68.cloudfront.net/fb4a5cb445f39a37e2e0b61f40804bcb48ec67ec/39478/assets/images/interior-side-m.jpg]
[realdealpainting.net/interior-house-painting.html]
[d33wubrfki0l68.cloudfront.net/e7c2cc3499f70227f5a79e658f3a2fa1f700d586/11c87/assets/images/interior-side.jpg]
[d33wubrfki0l68.cloudfront.net/fb50a55c4beb92d4e5247946c71d18bcab30ddc2/e61a7/assets/images/exterior-side-m.jpg]
[realdealpainting.net/exterior-house-painters.html]
[d33wubrfki0l68.cloudfront.net/7455e913d897e2e0ba19dc75f130d11e4ddda07f/c8eb8/assets/images/exterior-side.jpg]
[d33wubrfki0l68.cloudfront.net/6915a8793f10411b6699b46055eee7aebb547c23/f62df/assets/images/kitchen.jpg]
[realdealpainting.net/kitchen-remodels.html]
[d33wubrfki0l68.cloudfront.net/3e65f5e21e8df43cd439a5deb05cfe2005d8fd1c/f0e87/assets/images/bathroom-m.jpg]
[d33wubrfki0l68.cloudfront.net/53f72595e6cbc2bb1433f9db8975d2b88129ce11/9f817/assets/images/bathroom.jpg]
[realdealpainting.net/bathroom-remodels.html]
[realdealpainting.net/reviews.html]
[realdealpainting.net/css/reviews.css]
[realdealpainting.net/css/portfolio.css]
[d33wubrfki0l68.cloudfront.net/b039969db0be3cad1a248cc892830d6616eddec1/f88e6/assets/images/port1.jpg]
[d33wubrfki0l68.cloudfront.net/ced6fd2199936126c5ace76fca91d8e5f54901c6/c854e/assets/images/port4.jpg]
[d33wubrfki0l68.cloudfront.net/15ce49d95c9504fabf54eba4a819dea403ff3681/b5e3f/assets/images/port7.jpg]
[d33wubrfki0l68.cloudfront.net/574863d66065a8131653afa0b443b4d2741ee124/8a258/assets/images/port2.jpg]
[d33wubrfki0l68.cloudfront.net/032bd406eaceecee3e23e0006331ae3664c3e5dc/b54e0/assets/images/port5.jpg]
[d33wubrfki0l68.cloudfront.net/bb5daf29f9a0375eaefe124c884aca443063afed/e6800/assets/images/port8.jpg]
[d33wubrfki0l68.cloudfront.net/2cf8a96724b9882c35fc1560f5cf15c86435a913/e0b4a/assets/images/port3.jpg]
[d33wubrfki0l68.cloudfront.net/a02185375928a37253caae2a0b5de92ebcc6af8e/f63c0/assets/images/port6.jpg]
[d33wubrfki0l68.cloudfront.net/28814ada0358f56521400e6deaea618f1e2a6558/6cb8d/assets/images/port9.jpg]
[realdealpainting.net/portfolio.html]
[realdealpainting.net/index-2.html]
[realdealpainting.net/painters-in-highland-in.html]
[realdealpainting.net/painters-in-munster-in.html]
[realdealpainting.net/painters-in-griffith-in.html]
[realdealpainting.net/painters-in-hammond-in.html]
[realdealpainting.net/contact.html]
[realdealpainting.net/css/critical.css]
[realdealpainting.net/css/contact.css]
[realdealpainting.net/assets/images/why.jpg]
[realdealpainting.net/css/local.css]
[realdealpainting.net/css/about.css]
[realdealpainting.net/css/interior.css]
[realdealpainting.net/css/..assets/images/cta-squares.41.delayed]
[realdealpainting.net/css/reviews.css]
[realdealpainting.net/css/portfolio.css]
[realdealpainting.net/css/contact.css]
[realdealpainting.net/css/..assets/images/cta-squares.html]
